// Jest Snapshot v1, https://goo.gl/fbAQLP

exports[`<CreateItem/> renders and matches snapshot 1`] = `
Array [
  <Form
    data-test="create-item-form"
    onSubmit={[Function]}
  >
    <form
      className="Form-sc-1ns280c-0 fTwjpq"
      data-test="create-item-form"
      onSubmit={[Function]}
    >
      <DisplayError
        error={Object {}}
      />
      <fieldset
        aria-busy={false}
        disabled={false}
      >
        <label
          htmlFor="file"
        >
          Picture
          <input
            id="file"
            name="file"
            onChange={[Function]}
            placeholder="Upload a picture"
            required={true}
            type="file"
          />
        </label>
        <label
          htmlFor="title"
        >
          Title
          <input
            id="title"
            name="title"
            onChange={[Function]}
            placeholder="Title"
            required={true}
            type="text"
            value=""
          />
        </label>
        <label
          htmlFor="price"
        >
          Price
          <input
            id="price"
            name="price"
            onChange={[Function]}
            placeholder="Price"
            required={true}
            type="number"
            value={0}
          />
        </label>
        <label
          htmlFor="price"
        >
          Description
          <textarea
            id="description"
            name="description"
            onChange={[Function]}
            placeholder="Enter a description"
            required={true}
            value=""
          />
        </label>
      </fieldset>
      <button>
        SUBMIT
      </button>
    </form>
  </Form>,
  <form
    className="Form-sc-1ns280c-0 fTwjpq"
    data-test="create-item-form"
    onSubmit={[Function]}
  >
    <DisplayError
      error={Object {}}
    />
    <fieldset
      aria-busy={false}
      disabled={false}
    >
      <label
        htmlFor="file"
      >
        Picture
        <input
          id="file"
          name="file"
          onChange={[Function]}
          placeholder="Upload a picture"
          required={true}
          type="file"
        />
      </label>
      <label
        htmlFor="title"
      >
        Title
        <input
          id="title"
          name="title"
          onChange={[Function]}
          placeholder="Title"
          required={true}
          type="text"
          value=""
        />
      </label>
      <label
        htmlFor="price"
      >
        Price
        <input
          id="price"
          name="price"
          onChange={[Function]}
          placeholder="Price"
          required={true}
          type="number"
          value={0}
        />
      </label>
      <label
        htmlFor="price"
      >
        Description
        <textarea
          id="description"
          name="description"
          onChange={[Function]}
          placeholder="Enter a description"
          required={true}
          value=""
        />
      </label>
    </fieldset>
    <button>
      SUBMIT
    </button>
  </form>,
]
`;
